---
source: src/tui/tests/integration_scenarios.rs
expression: settings.frame().snapshot_text()
---
size=80x24
rows:
00| 1 Ovw  |  2 Tr  |  U Sum  |  3 Other  |  4 Set
01|┌ Display──────────────────────────────┐┌ Table columns────────────────────────┐
02|│▌ [T]Theme                    Dark    ││  [K]Tokens                   On      │
03|│  [V]Turns panel              On      ││  [P]Token share              On      │
04|│  [M]Models panel             On      ││  [E]Estimated quota          On      │
05|│  [L]EST Longx                Off     ││  [A]API equivalent           On      │
06|└──────────────────────────────────────┘└ [↑↓]Select [↵]Toggle ────────────────┘
07|┌ Remote sources───────────────────────────────────────────────────────────────┐
08|│[G]Automatic sync: Off                                                        │
09|│No configured or retained remote sources                                      │
10|│                                                                              │
11|│                                                                              │
12|│[N]New  [E]Edit  [P]Pair  [D]Remove                                           │
13|│[H]Enable host  [C]Test  [S]Sync now  [I]Include data                         │
14|└──────────────────────────────────────────────────────────────────────────────┘
15|┌ Project mappings · explicit only─────────────────────────────────────────────┐
16|│No project instances or explicit logical mappings                             │
17|│                                                                              │
18|│                                                                              │
19|│                                                                              │
20|│                                                                              │
21|│                                                                              │
22|│[J]Accept merge  [T]Select  [M]Merge selected  [X]Split mapping               │
23|└──────────────────────────────────────────────────────────────────────────────┘
styles:
00:001+001 fg=#3fb9c0 bg=#121417 mods=bold text="1"
00:002+009 fg=#7e8691 bg=#121417 mods=none text=" Ovw  |  "
00:011+001 fg=#3fb9c0 bg=#121417 mods=bold text="2"
00:012+008 fg=#7e8691 bg=#121417 mods=none text=" Tr  |  "
00:020+001 fg=#3fb9c0 bg=#121417 mods=bold text="U"
00:021+009 fg=#7e8691 bg=#121417 mods=none text=" Sum  |  "
00:030+001 fg=#3fb9c0 bg=#121417 mods=bold text="3"
00:031+011 fg=#7e8691 bg=#121417 mods=none text=" Other  |  "
00:042+001 fg=#3fb9c0 bg=#121417 mods=bold text="4"
00:044+003 fg=#f4f6f8 bg=#121417 mods=bold text="Set"
01:000+001 fg=#4b525c bg=#121417 mods=none text="┌"
01:001+008 fg=#f4f6f8 bg=#121417 mods=bold text=" Display"
01:009+032 fg=#4b525c bg=#121417 mods=none text="──────────────────────────────┐┌"
01:041+014 fg=#f4f6f8 bg=#121417 mods=bold text=" Table columns"
01:055+025 fg=#4b525c bg=#121417 mods=none text="────────────────────────┐"
02:000+001 fg=#4b525c bg=#121417 mods=none text="│"
02:001+003 fg=#121417 bg=#3fb9c0 mods=bold text="▌ ["
02:004+001 fg=#121417 bg=#3fb9c0 mods=bold+underline text="T"
02:005+034 fg=#121417 bg=#3fb9c0 mods=bold text="]Theme                    Dark    "
02:039+002 fg=#4b525c bg=#121417 mods=none text="││"
02:041+003 fg=#dadee4 bg=#121417 mods=none text="  ["
02:044+001 fg=#3fb9c0 bg=#121417 mods=bold text="K"
02:045+034 fg=#dadee4 bg=#121417 mods=none text="]Tokens                   On      "
02:079+001 fg=#4b525c bg=#121417 mods=none text="│"
03:000+001 fg=#4b525c bg=#121417 mods=none text="│"
03:001+003 fg=#dadee4 bg=#121417 mods=none text="  ["
03:004+001 fg=#3fb9c0 bg=#121417 mods=bold text="V"
03:005+034 fg=#dadee4 bg=#121417 mods=none text="]Turns panel              On      "
03:039+002 fg=#4b525c bg=#121417 mods=none text="││"
03:041+003 fg=#dadee4 bg=#121417 mods=none text="  ["
03:044+001 fg=#3fb9c0 bg=#121417 mods=bold text="P"
03:045+034 fg=#dadee4 bg=#121417 mods=none text="]Token share              On      "
03:079+001 fg=#4b525c bg=#121417 mods=none text="│"
04:000+001 fg=#4b525c bg=#121417 mods=none text="│"
04:001+003 fg=#dadee4 bg=#121417 mods=none text="  ["
04:004+001 fg=#3fb9c0 bg=#121417 mods=bold text="M"
04:005+034 fg=#dadee4 bg=#121417 mods=none text="]Models panel             On      "
04:039+002 fg=#4b525c bg=#121417 mods=none text="││"
04:041+003 fg=#dadee4 bg=#121417 mods=none text="  ["
04:044+001 fg=#3fb9c0 bg=#121417 mods=bold text="E"
04:045+034 fg=#dadee4 bg=#121417 mods=none text="]Estimated quota          On      "
04:079+001 fg=#4b525c bg=#121417 mods=none text="│"
05:000+001 fg=#4b525c bg=#121417 mods=none text="│"
05:001+003 fg=#dadee4 bg=#121417 mods=none text="  ["
05:004+001 fg=#3fb9c0 bg=#121417 mods=bold text="L"
05:005+034 fg=#dadee4 bg=#121417 mods=none text="]EST Longx                Off     "
05:039+002 fg=#4b525c bg=#121417 mods=none text="││"
05:041+003 fg=#dadee4 bg=#121417 mods=none text="  ["
05:044+001 fg=#3fb9c0 bg=#121417 mods=bold text="A"
05:045+034 fg=#dadee4 bg=#121417 mods=none text="]API equivalent           On      "
05:079+001 fg=#4b525c bg=#121417 mods=none text="│"
06:000+041 fg=#4b525c bg=#121417 mods=none text="└──────────────────────────────────────┘└"
06:041+002 fg=#7e8691 bg=#121417 mods=none text=" ["
06:043+002 fg=#3fb9c0 bg=#121417 mods=bold text="↑↓"
06:045+009 fg=#7e8691 bg=#121417 mods=none text="]Select ["
06:054+001 fg=#3fb9c0 bg=#121417 mods=bold text="↵"
06:055+008 fg=#7e8691 bg=#121417 mods=none text="]Toggle "
06:063+017 fg=#4b525c bg=#121417 mods=none text="────────────────┘"
07:000+001 fg=#4b525c bg=#121417 mods=none text="┌"
07:001+015 fg=#f4f6f8 bg=#121417 mods=bold text=" Remote sources"
07:016+064 fg=#4b525c bg=#121417 mods=none text="───────────────────────────────────────────────────────────────┐"
08:000+001 fg=#4b525c bg=#121417 mods=none text="│"
08:001+022 fg=#7e8691 bg=#121417 mods=none text="[G]Automatic sync: Off"
08:079+001 fg=#4b525c bg=#121417 mods=none text="│"
09:000+001 fg=#4b525c bg=#121417 mods=none text="│"
09:001+078 fg=#7e8691 bg=#121417 mods=none text="No configured or retained remote sources                                      "
09:079+001 fg=#4b525c bg=#121417 mods=none text="│"
10:000+001 fg=#4b525c bg=#121417 mods=none text="│"
10:079+001 fg=#4b525c bg=#121417 mods=none text="│"
11:000+001 fg=#4b525c bg=#121417 mods=none text="│"
11:079+001 fg=#4b525c bg=#121417 mods=none text="│"
12:000+001 fg=#4b525c bg=#121417 mods=none text="│"
12:001+035 fg=#7e8691 bg=#121417 mods=none text="[N]New  [E]Edit  [P]Pair  [D]Remove"
12:079+001 fg=#4b525c bg=#121417 mods=none text="│"
13:000+001 fg=#4b525c bg=#121417 mods=none text="│"
13:001+053 fg=#7e8691 bg=#121417 mods=none text="[H]Enable host  [C]Test  [S]Sync now  [I]Include data"
13:079+001 fg=#4b525c bg=#121417 mods=none text="│"
14:000+080 fg=#4b525c bg=#121417 mods=none text="└──────────────────────────────────────────────────────────────────────────────┘"
15:000+001 fg=#4b525c bg=#121417 mods=none text="┌"
15:001+033 fg=#f4f6f8 bg=#121417 mods=bold text=" Project mappings · explicit only"
15:034+046 fg=#4b525c bg=#121417 mods=none text="─────────────────────────────────────────────┐"
16:000+001 fg=#4b525c bg=#121417 mods=none text="│"
16:001+078 fg=#7e8691 bg=#121417 mods=none text="No project instances or explicit logical mappings                             "
16:079+001 fg=#4b525c bg=#121417 mods=none text="│"
17:000+001 fg=#4b525c bg=#121417 mods=none text="│"
17:079+001 fg=#4b525c bg=#121417 mods=none text="│"
18:000+001 fg=#4b525c bg=#121417 mods=none text="│"
18:079+001 fg=#4b525c bg=#121417 mods=none text="│"
19:000+001 fg=#4b525c bg=#121417 mods=none text="│"
19:079+001 fg=#4b525c bg=#121417 mods=none text="│"
20:000+001 fg=#4b525c bg=#121417 mods=none text="│"
20:079+001 fg=#4b525c bg=#121417 mods=none text="│"
21:000+001 fg=#4b525c bg=#121417 mods=none text="│"
21:079+001 fg=#4b525c bg=#121417 mods=none text="│"
22:000+001 fg=#4b525c bg=#121417 mods=none text="│"
22:001+063 fg=#7e8691 bg=#121417 mods=none text="[J]Accept merge  [T]Select  [M]Merge selected  [X]Split mapping"
22:079+001 fg=#4b525c bg=#121417 mods=none text="│"
23:000+080 fg=#4b525c bg=#121417 mods=none text="└──────────────────────────────────────────────────────────────────────────────┘"
controls:
ViewOverview binding=1 rect=0,0,7,1
ViewTrends binding=2 rect=10,0,6,1
ViewSummary binding=U rect=19,0,7,1
ViewOther binding=3 rect=29,0,9,1
ViewSettings binding=4 rect=41,0,7,1
SettingTheme binding=T rect=1,2,38,1
SettingTurns binding=V rect=1,3,38,1
SettingModels binding=M rect=1,4,38,1
SettingLongContext binding=L rect=1,5,38,1
SettingTokens binding=K rect=41,2,38,1
SettingTokenShare binding=P rect=41,3,38,1
SettingEstimatedQuota binding=E rect=41,4,38,1
SettingApiEquivalent binding=A rect=41,5,38,1
